// Jest Snapshot v1, https://goo.gl/fbAQLP

exports[`renders the Home page 1`] = `
<div
  className="gqseAW"
>
  <div
    className="dcRNys"
  >
    Hello 
    <form
      className="form-inline"
      onSubmit={[Function]}
    >
      <div
        className="form-group"
      >
        <label
          className="control-label"
          htmlFor="searchForm"
        >
          Search Tracks
        </label>
        <input
          className="form-control"
          id="searchForm"
          onChange={[Function]}
          placeholder="Enter your query ..."
          type="text"
          value=""
        />
      </div>
      <button
        className="btn btn-success"
        disabled={false}
        type="submit"
      >
        Search
      </button>
    </form>
    <ul />
  </div>
</div>
`;
