// Jest Snapshot v1, https://goo.gl/fbAQLP

exports[`renders a basic button 1`] = `
<div>
  <div>
    <div
      className="jCprYf"
      onMouseDown={[Function]}
      onMouseMove={[Function]}
      onMouseUp={[Function]}
      onTouchEnd={[Function]}
      onTouchMove={[Function]}
      onTouchStart={[Function]}
      onTransitionEnd={[Function]}
      style={
        Object {
          "opacity": 1,
          "transform": "rotate(0deg) translate3d(0%, 0, 0)",
        }
      }
    >
      <div
        className="ivEioO thumbnail"
        style={Object {}}
      >
        <img
          alt="An Album"
          src="https://i.scdn.co/image/81aa003fb60a031abe1f72253cf663cff201ad48"
        />
        <div
          className="caption"
        >
          <h3
            className="duAZJV"
          >
            Subwoofer Lullaby
          </h3>
          <p
            className="duAZJV"
          >
            C418
             - 
            An Album
          </p>
          <div>
            <button
              className="jEtlWH btn btn-primary btn-block"
              disabled={false}
              onClick={[Function]}
              type="button"
            >
              Preview
              <span
                className="glyphicon glyphicon-play"
              />
            </button>
          </div>
        </div>
      </div>
    </div>
    <div
      className="jAITJt ivEioO thumbnail"
      style={
        Object {
          "opacity": 0,
          "transform": "scale(0.75)",
        }
      }
    >
      <img
        alt="Any Which Way EP"
        src="https://i.scdn.co/image/1e732874b19b8853dccd29a0e68959af87c8c1d5"
      />
      <div
        className="caption"
      >
        <h3
          className="duAZJV"
        >
          Any Which Way - Martin Buttrich Red Mix
        </h3>
        <p
          className="duAZJV"
        >
          Stacey Pullen
           - 
          Any Which Way EP
        </p>
        <div>
          <button
            className="jEtlWH btn btn-primary btn-block"
            disabled={false}
            onClick={[Function]}
            type="button"
          >
            Preview
            <span
              className="glyphicon glyphicon-play"
            />
          </button>
        </div>
      </div>
    </div>
  </div>
</div>
`;
