// Jest Snapshot v1, https://goo.gl/fbAQLP

exports[`renders the login page 1`] = `
<div
  className="gqseAW"
  justifyContent="center"
>
  <div
    className="fSnuyn"
  >
    <a
      className="btn btn-primary"
      href="https://accounts.spotify.com/authorize?client_id=89b92773702c4e36a8014a880e7a9b7d&response_type=token&redirect_uri=http%3A%2F%2Flocalhost%3A3000%2Flogin&scope=user-library-read%20user-read-email%20user-library-modify"
      onClick={[Function]}
    >
      Login With Spotify
    </a>
  </div>
</div>
`;
